### YamlMime:UniversalReference
items:
- uid: \Google\Cloud\Vision\V1\AsyncBatchAnnotateFilesRequest
  name: AsyncBatchAnnotateFilesRequest
  id: AsyncBatchAnnotateFilesRequest
  summary: |-
    Multiple async file annotation requests are batched into a single service
    call.

    Generated from protobuf message <code>google.cloud.vision.v1.AsyncBatchAnnotateFilesRequest</code>
  type: class
  langs:
  - php
  children:
  - \Google\Cloud\Vision\V1\AsyncBatchAnnotateFilesRequest::__construct()
  - \Google\Cloud\Vision\V1\AsyncBatchAnnotateFilesRequest::getRequests()
  - \Google\Cloud\Vision\V1\AsyncBatchAnnotateFilesRequest::setRequests()
  - \Google\Cloud\Vision\V1\AsyncBatchAnnotateFilesRequest::getParent()
  - \Google\Cloud\Vision\V1\AsyncBatchAnnotateFilesRequest::setParent()
  properties:
  - name: requests
    description: |-
      Required. Individual async file annotation requests for this batch.

      Generated from protobuf field <code>repeated .google.cloud.vision.v1.AsyncAnnotateFileRequest requests = 1 [(.google.api.field_behavior) = REQUIRED];</code>
  - name: parent
    description: |-
      Optional. Target project and location to make a call.

      Format: `projects/{project-id}/locations/{location-id}`.
      If no parent is specified, a region will be chosen automatically.
      Supported location-ids:
          `us`: USA country only,
          `asia`: East asia areas, like Japan, Taiwan,
          `eu`: The European Union.
      Example: `projects/project-A/locations/eu`.

      Generated from protobuf field <code>string parent = 4;</code>
- uid: \Google\Cloud\Vision\V1\AsyncBatchAnnotateFilesRequest::__construct()
  name: __construct
  id: __construct
  summary: Constructor.
  parent: \Google\Cloud\Vision\V1\AsyncBatchAnnotateFilesRequest
  type: method
  langs:
  - php
  parameters:
  - type: array
    name: data
    description: '{     Optional. Data for populating the Message object.      @type
      \Google\Cloud\Vision\V1\AsyncAnnotateFileRequest[]|\Google\Protobuf\Internal\RepeatedField
      $requests           Required. Individual async file annotation requests for
      this batch.     @type string $parent           Optional. Target project and
      location to make a call.           Format: `projects/{project-id}/locations/{location-id}`.           If
      no parent is specified, a region will be chosen automatically.           Supported
      location-ids:               `us`: USA country only,               `asia`: East
      asia areas, like Japan, Taiwan,               `eu`: The European Union.           Example:
      `projects/project-A/locations/eu`. }'
- uid: \Google\Cloud\Vision\V1\AsyncBatchAnnotateFilesRequest::getRequests()
  name: getRequests
  id: getRequests
  summary: |-
    Required. Individual async file annotation requests for this batch.

    Generated from protobuf field <code>repeated .google.cloud.vision.v1.AsyncAnnotateFileRequest requests = 1 [(.google.api.field_behavior) = REQUIRED];</code>
  parent: \Google\Cloud\Vision\V1\AsyncBatchAnnotateFilesRequest
  type: method
  langs:
  - php
- uid: \Google\Cloud\Vision\V1\AsyncBatchAnnotateFilesRequest::setRequests()
  name: setRequests
  id: setRequests
  summary: |-
    Required. Individual async file annotation requests for this batch.

    Generated from protobuf field <code>repeated .google.cloud.vision.v1.AsyncAnnotateFileRequest requests = 1 [(.google.api.field_behavior) = REQUIRED];</code>
  parent: \Google\Cloud\Vision\V1\AsyncBatchAnnotateFilesRequest
  type: method
  langs:
  - php
  parameters:
  - type: \Google\Cloud\Vision\V1\AsyncAnnotateFileRequest[]|\Google\Protobuf\Internal\RepeatedField
    name: var
- uid: \Google\Cloud\Vision\V1\AsyncBatchAnnotateFilesRequest::getParent()
  name: getParent
  id: getParent
  summary: |-
    Optional. Target project and location to make a call.

    Format: `projects/{project-id}/locations/{location-id}`.
    If no parent is specified, a region will be chosen automatically.
    Supported location-ids:
        `us`: USA country only,
        `asia`: East asia areas, like Japan, Taiwan,
        `eu`: The European Union.
    Example: `projects/project-A/locations/eu`.

    Generated from protobuf field <code>string parent = 4;</code>
  parent: \Google\Cloud\Vision\V1\AsyncBatchAnnotateFilesRequest
  type: method
  langs:
  - php
- uid: \Google\Cloud\Vision\V1\AsyncBatchAnnotateFilesRequest::setParent()
  name: setParent
  id: setParent
  summary: |-
    Optional. Target project and location to make a call.

    Format: `projects/{project-id}/locations/{location-id}`.
    If no parent is specified, a region will be chosen automatically.
    Supported location-ids:
        `us`: USA country only,
        `asia`: East asia areas, like Japan, Taiwan,
        `eu`: The European Union.
    Example: `projects/project-A/locations/eu`.

    Generated from protobuf field <code>string parent = 4;</code>
  parent: \Google\Cloud\Vision\V1\AsyncBatchAnnotateFilesRequest
  type: method
  langs:
  - php
  parameters:
  - type: string
    name: var
