### YamlMime:UniversalReference
items:
- uid: \Google\Cloud\Vision\V1\BatchAnnotateFilesRequest
  name: BatchAnnotateFilesRequest
  id: BatchAnnotateFilesRequest
  summary: |-
    A list of requests to annotate files using the BatchAnnotateFiles API.

    Generated from protobuf message <code>google.cloud.vision.v1.BatchAnnotateFilesRequest</code>
  type: class
  langs:
  - php
  children:
  - \Google\Cloud\Vision\V1\BatchAnnotateFilesRequest::__construct()
  - \Google\Cloud\Vision\V1\BatchAnnotateFilesRequest::getRequests()
  - \Google\Cloud\Vision\V1\BatchAnnotateFilesRequest::setRequests()
  - \Google\Cloud\Vision\V1\BatchAnnotateFilesRequest::getParent()
  - \Google\Cloud\Vision\V1\BatchAnnotateFilesRequest::setParent()
  properties:
  - name: requests
    description: |-
      Required. The list of file annotation requests. Right now we support only
      one AnnotateFileRequest in BatchAnnotateFilesRequest.

      Generated from protobuf field <code>repeated .google.cloud.vision.v1.AnnotateFileRequest requests = 1 [(.google.api.field_behavior) = REQUIRED];</code>
  - name: parent
    description: |-
      Optional. Target project and location to make a call.

      Format: `projects/{project-id}/locations/{location-id}`.
      If no parent is specified, a region will be chosen automatically.
      Supported location-ids:
          `us`: USA country only,
          `asia`: East asia areas, like Japan, Taiwan,
          `eu`: The European Union.
      Example: `projects/project-A/locations/eu`.

      Generated from protobuf field <code>string parent = 3;</code>
- uid: \Google\Cloud\Vision\V1\BatchAnnotateFilesRequest::__construct()
  name: __construct
  id: __construct
  summary: Constructor.
  parent: \Google\Cloud\Vision\V1\BatchAnnotateFilesRequest
  type: method
  langs:
  - php
  parameters:
  - type: array
    name: data
    description: '{     Optional. Data for populating the Message object.      @type
      \Google\Cloud\Vision\V1\AnnotateFileRequest[]|\Google\Protobuf\Internal\RepeatedField
      $requests           Required. The list of file annotation requests. Right now
      we support only           one AnnotateFileRequest in BatchAnnotateFilesRequest.     @type
      string $parent           Optional. Target project and location to make a call.           Format:
      `projects/{project-id}/locations/{location-id}`.           If no parent is specified,
      a region will be chosen automatically.           Supported location-ids:               `us`:
      USA country only,               `asia`: East asia areas, like Japan, Taiwan,               `eu`:
      The European Union.           Example: `projects/project-A/locations/eu`. }'
- uid: \Google\Cloud\Vision\V1\BatchAnnotateFilesRequest::getRequests()
  name: getRequests
  id: getRequests
  summary: |-
    Required. The list of file annotation requests. Right now we support only
    one AnnotateFileRequest in BatchAnnotateFilesRequest.

    Generated from protobuf field <code>repeated .google.cloud.vision.v1.AnnotateFileRequest requests = 1 [(.google.api.field_behavior) = REQUIRED];</code>
  parent: \Google\Cloud\Vision\V1\BatchAnnotateFilesRequest
  type: method
  langs:
  - php
- uid: \Google\Cloud\Vision\V1\BatchAnnotateFilesRequest::setRequests()
  name: setRequests
  id: setRequests
  summary: |-
    Required. The list of file annotation requests. Right now we support only
    one AnnotateFileRequest in BatchAnnotateFilesRequest.

    Generated from protobuf field <code>repeated .google.cloud.vision.v1.AnnotateFileRequest requests = 1 [(.google.api.field_behavior) = REQUIRED];</code>
  parent: \Google\Cloud\Vision\V1\BatchAnnotateFilesRequest
  type: method
  langs:
  - php
  parameters:
  - type: \Google\Cloud\Vision\V1\AnnotateFileRequest[]|\Google\Protobuf\Internal\RepeatedField
    name: var
- uid: \Google\Cloud\Vision\V1\BatchAnnotateFilesRequest::getParent()
  name: getParent
  id: getParent
  summary: |-
    Optional. Target project and location to make a call.

    Format: `projects/{project-id}/locations/{location-id}`.
    If no parent is specified, a region will be chosen automatically.
    Supported location-ids:
        `us`: USA country only,
        `asia`: East asia areas, like Japan, Taiwan,
        `eu`: The European Union.
    Example: `projects/project-A/locations/eu`.

    Generated from protobuf field <code>string parent = 3;</code>
  parent: \Google\Cloud\Vision\V1\BatchAnnotateFilesRequest
  type: method
  langs:
  - php
- uid: \Google\Cloud\Vision\V1\BatchAnnotateFilesRequest::setParent()
  name: setParent
  id: setParent
  summary: |-
    Optional. Target project and location to make a call.

    Format: `projects/{project-id}/locations/{location-id}`.
    If no parent is specified, a region will be chosen automatically.
    Supported location-ids:
        `us`: USA country only,
        `asia`: East asia areas, like Japan, Taiwan,
        `eu`: The European Union.
    Example: `projects/project-A/locations/eu`.

    Generated from protobuf field <code>string parent = 3;</code>
  parent: \Google\Cloud\Vision\V1\BatchAnnotateFilesRequest
  type: method
  langs:
  - php
  parameters:
  - type: string
    name: var
