### YamlMime:UniversalReference
items:
- uid: \Google\Cloud\Vision\V1\CreateReferenceImageRequest
  name: CreateReferenceImageRequest
  id: CreateReferenceImageRequest
  summary: |-
    Request message for the `CreateReferenceImage` method.

    Generated from protobuf message <code>google.cloud.vision.v1.CreateReferenceImageRequest</code>
  type: class
  langs:
  - php
  children:
  - \Google\Cloud\Vision\V1\CreateReferenceImageRequest::__construct()
  - \Google\Cloud\Vision\V1\CreateReferenceImageRequest::getParent()
  - \Google\Cloud\Vision\V1\CreateReferenceImageRequest::setParent()
  - \Google\Cloud\Vision\V1\CreateReferenceImageRequest::getReferenceImage()
  - \Google\Cloud\Vision\V1\CreateReferenceImageRequest::hasReferenceImage()
  - \Google\Cloud\Vision\V1\CreateReferenceImageRequest::clearReferenceImage()
  - \Google\Cloud\Vision\V1\CreateReferenceImageRequest::setReferenceImage()
  - \Google\Cloud\Vision\V1\CreateReferenceImageRequest::getReferenceImageId()
  - \Google\Cloud\Vision\V1\CreateReferenceImageRequest::setReferenceImageId()
  properties:
  - name: parent
    description: |-
      Required. Resource name of the product in which to create the reference image.

      Format is
      `projects/PROJECT_ID/locations/LOC_ID/products/PRODUCT_ID`.

      Generated from protobuf field <code>string parent = 1 [(.google.api.field_behavior) = REQUIRED, (.google.api.resource_reference) = {</code>
  - name: reference_image
    description: |-
      Required. The reference image to create.

      If an image ID is specified, it is ignored.

      Generated from protobuf field <code>.google.cloud.vision.v1.ReferenceImage reference_image = 2 [(.google.api.field_behavior) = REQUIRED];</code>
  - name: reference_image_id
    description: |-
      A user-supplied resource id for the ReferenceImage to be added. If set,
      the server will attempt to use this value as the resource id. If it is
      already in use, an error is returned with code ALREADY_EXISTS. Must be at
      most 128 characters long. It cannot contain the character `/`.

      Generated from protobuf field <code>string reference_image_id = 3;</code>
- uid: \Google\Cloud\Vision\V1\CreateReferenceImageRequest::__construct()
  name: __construct
  id: __construct
  summary: Constructor.
  parent: \Google\Cloud\Vision\V1\CreateReferenceImageRequest
  type: method
  langs:
  - php
  parameters:
  - type: array
    name: data
    description: '{     Optional. Data for populating the Message object.      @type
      string $parent           Required. Resource name of the product in which to
      create the reference image.           Format is           `projects/PROJECT_ID/locations/LOC_ID/products/PRODUCT_ID`.     @type
      \Google\Cloud\Vision\V1\ReferenceImage $reference_image           Required.
      The reference image to create.           If an image ID is specified, it is
      ignored.     @type string $reference_image_id           A user-supplied resource
      id for the ReferenceImage to be added. If set,           the server will attempt
      to use this value as the resource id. If it is           already in use, an
      error is returned with code ALREADY_EXISTS. Must be at           most 128 characters
      long. It cannot contain the character `/`. }'
- uid: \Google\Cloud\Vision\V1\CreateReferenceImageRequest::getParent()
  name: getParent
  id: getParent
  summary: |-
    Required. Resource name of the product in which to create the reference image.

    Format is
    `projects/PROJECT_ID/locations/LOC_ID/products/PRODUCT_ID`.

    Generated from protobuf field <code>string parent = 1 [(.google.api.field_behavior) = REQUIRED, (.google.api.resource_reference) = {</code>
  parent: \Google\Cloud\Vision\V1\CreateReferenceImageRequest
  type: method
  langs:
  - php
- uid: \Google\Cloud\Vision\V1\CreateReferenceImageRequest::setParent()
  name: setParent
  id: setParent
  summary: |-
    Required. Resource name of the product in which to create the reference image.

    Format is
    `projects/PROJECT_ID/locations/LOC_ID/products/PRODUCT_ID`.

    Generated from protobuf field <code>string parent = 1 [(.google.api.field_behavior) = REQUIRED, (.google.api.resource_reference) = {</code>
  parent: \Google\Cloud\Vision\V1\CreateReferenceImageRequest
  type: method
  langs:
  - php
  parameters:
  - type: string
    name: var
- uid: \Google\Cloud\Vision\V1\CreateReferenceImageRequest::getReferenceImage()
  name: getReferenceImage
  id: getReferenceImage
  summary: |-
    Required. The reference image to create.

    If an image ID is specified, it is ignored.

    Generated from protobuf field <code>.google.cloud.vision.v1.ReferenceImage reference_image = 2 [(.google.api.field_behavior) = REQUIRED];</code>
  parent: \Google\Cloud\Vision\V1\CreateReferenceImageRequest
  type: method
  langs:
  - php
- uid: \Google\Cloud\Vision\V1\CreateReferenceImageRequest::hasReferenceImage()
  name: hasReferenceImage
  id: hasReferenceImage
  parent: \Google\Cloud\Vision\V1\CreateReferenceImageRequest
  type: method
  langs:
  - php
- uid: \Google\Cloud\Vision\V1\CreateReferenceImageRequest::clearReferenceImage()
  name: clearReferenceImage
  id: clearReferenceImage
  parent: \Google\Cloud\Vision\V1\CreateReferenceImageRequest
  type: method
  langs:
  - php
- uid: \Google\Cloud\Vision\V1\CreateReferenceImageRequest::setReferenceImage()
  name: setReferenceImage
  id: setReferenceImage
  summary: |-
    Required. The reference image to create.

    If an image ID is specified, it is ignored.

    Generated from protobuf field <code>.google.cloud.vision.v1.ReferenceImage reference_image = 2 [(.google.api.field_behavior) = REQUIRED];</code>
  parent: \Google\Cloud\Vision\V1\CreateReferenceImageRequest
  type: method
  langs:
  - php
  parameters:
  - type: \Google\Cloud\Vision\V1\ReferenceImage
    name: var
- uid: \Google\Cloud\Vision\V1\CreateReferenceImageRequest::getReferenceImageId()
  name: getReferenceImageId
  id: getReferenceImageId
  summary: |-
    A user-supplied resource id for the ReferenceImage to be added. If set,
    the server will attempt to use this value as the resource id. If it is
    already in use, an error is returned with code ALREADY_EXISTS. Must be at
    most 128 characters long. It cannot contain the character `/`.

    Generated from protobuf field <code>string reference_image_id = 3;</code>
  parent: \Google\Cloud\Vision\V1\CreateReferenceImageRequest
  type: method
  langs:
  - php
- uid: \Google\Cloud\Vision\V1\CreateReferenceImageRequest::setReferenceImageId()
  name: setReferenceImageId
  id: setReferenceImageId
  summary: |-
    A user-supplied resource id for the ReferenceImage to be added. If set,
    the server will attempt to use this value as the resource id. If it is
    already in use, an error is returned with code ALREADY_EXISTS. Must be at
    most 128 characters long. It cannot contain the character `/`.

    Generated from protobuf field <code>string reference_image_id = 3;</code>
  parent: \Google\Cloud\Vision\V1\CreateReferenceImageRequest
  type: method
  langs:
  - php
  parameters:
  - type: string
    name: var
