### YamlMime:UniversalReference
items:
- uid: \Google\Cloud\Vision\V1\DeleteProductRequest
  name: DeleteProductRequest
  id: DeleteProductRequest
  summary: |-
    Request message for the `DeleteProduct` method.

    Generated from protobuf message <code>google.cloud.vision.v1.DeleteProductRequest</code>
  type: class
  langs:
  - php
  children:
  - \Google\Cloud\Vision\V1\DeleteProductRequest::__construct()
  - \Google\Cloud\Vision\V1\DeleteProductRequest::getName()
  - \Google\Cloud\Vision\V1\DeleteProductRequest::setName()
  properties:
  - name: name
    description: |-
      Required. Resource name of product to delete.

      Format is:
      `projects/PROJECT_ID/locations/LOC_ID/products/PRODUCT_ID`

      Generated from protobuf field <code>string name = 1 [(.google.api.field_behavior) = REQUIRED, (.google.api.resource_reference) = {</code>
- uid: \Google\Cloud\Vision\V1\DeleteProductRequest::__construct()
  name: __construct
  id: __construct
  summary: Constructor.
  parent: \Google\Cloud\Vision\V1\DeleteProductRequest
  type: method
  langs:
  - php
  parameters:
  - type: array
    name: data
    description: '{     Optional. Data for populating the Message object.      @type
      string $name           Required. Resource name of product to delete.           Format
      is:           `projects/PROJECT_ID/locations/LOC_ID/products/PRODUCT_ID` }'
- uid: \Google\Cloud\Vision\V1\DeleteProductRequest::getName()
  name: getName
  id: getName
  summary: |-
    Required. Resource name of product to delete.

    Format is:
    `projects/PROJECT_ID/locations/LOC_ID/products/PRODUCT_ID`

    Generated from protobuf field <code>string name = 1 [(.google.api.field_behavior) = REQUIRED, (.google.api.resource_reference) = {</code>
  parent: \Google\Cloud\Vision\V1\DeleteProductRequest
  type: method
  langs:
  - php
- uid: \Google\Cloud\Vision\V1\DeleteProductRequest::setName()
  name: setName
  id: setName
  summary: |-
    Required. Resource name of product to delete.

    Format is:
    `projects/PROJECT_ID/locations/LOC_ID/products/PRODUCT_ID`

    Generated from protobuf field <code>string name = 1 [(.google.api.field_behavior) = REQUIRED, (.google.api.resource_reference) = {</code>
  parent: \Google\Cloud\Vision\V1\DeleteProductRequest
  type: method
  langs:
  - php
  parameters:
  - type: string
    name: var
