### YamlMime:UniversalReference
items:
- uid: \Google\Cloud\Vision\V1\DeleteProductSetRequest
  name: DeleteProductSetRequest
  id: DeleteProductSetRequest
  summary: |-
    Request message for the `DeleteProductSet` method.

    Generated from protobuf message <code>google.cloud.vision.v1.DeleteProductSetRequest</code>
  type: class
  langs:
  - php
  children:
  - \Google\Cloud\Vision\V1\DeleteProductSetRequest::__construct()
  - \Google\Cloud\Vision\V1\DeleteProductSetRequest::getName()
  - \Google\Cloud\Vision\V1\DeleteProductSetRequest::setName()
  properties:
  - name: name
    description: |-
      Required. Resource name of the ProductSet to delete.

      Format is:
      `projects/PROJECT_ID/locations/LOC_ID/productSets/PRODUCT_SET_ID`

      Generated from protobuf field <code>string name = 1 [(.google.api.field_behavior) = REQUIRED, (.google.api.resource_reference) = {</code>
- uid: \Google\Cloud\Vision\V1\DeleteProductSetRequest::__construct()
  name: __construct
  id: __construct
  summary: Constructor.
  parent: \Google\Cloud\Vision\V1\DeleteProductSetRequest
  type: method
  langs:
  - php
  parameters:
  - type: array
    name: data
    description: '{     Optional. Data for populating the Message object.      @type
      string $name           Required. Resource name of the ProductSet to delete.           Format
      is:           `projects/PROJECT_ID/locations/LOC_ID/productSets/PRODUCT_SET_ID`
      }'
- uid: \Google\Cloud\Vision\V1\DeleteProductSetRequest::getName()
  name: getName
  id: getName
  summary: |-
    Required. Resource name of the ProductSet to delete.

    Format is:
    `projects/PROJECT_ID/locations/LOC_ID/productSets/PRODUCT_SET_ID`

    Generated from protobuf field <code>string name = 1 [(.google.api.field_behavior) = REQUIRED, (.google.api.resource_reference) = {</code>
  parent: \Google\Cloud\Vision\V1\DeleteProductSetRequest
  type: method
  langs:
  - php
- uid: \Google\Cloud\Vision\V1\DeleteProductSetRequest::setName()
  name: setName
  id: setName
  summary: |-
    Required. Resource name of the ProductSet to delete.

    Format is:
    `projects/PROJECT_ID/locations/LOC_ID/productSets/PRODUCT_SET_ID`

    Generated from protobuf field <code>string name = 1 [(.google.api.field_behavior) = REQUIRED, (.google.api.resource_reference) = {</code>
  parent: \Google\Cloud\Vision\V1\DeleteProductSetRequest
  type: method
  langs:
  - php
  parameters:
  - type: string
    name: var
