### YamlMime:UniversalReference
items:
- uid: \Google\Cloud\Vision\V1\Feature_Type
  name: Feature_Type
  id: Feature_Type
  summary: This class is deprecated. Use Google\Cloud\Vision\V1\Feature\Type instead.
  type: class
  langs:
  - php
  status: deprecated
