### YamlMime:UniversalReference
items:
- uid: \Google\Cloud\Vision\V1\ImportProductSetsInputConfig
  name: ImportProductSetsInputConfig
  id: ImportProductSetsInputConfig
  summary: |-
    The input content for the `ImportProductSets` method.

    Generated from protobuf message <code>google.cloud.vision.v1.ImportProductSetsInputConfig</code>
  type: class
  langs:
  - php
  children:
  - \Google\Cloud\Vision\V1\ImportProductSetsInputConfig::__construct()
  - \Google\Cloud\Vision\V1\ImportProductSetsInputConfig::getGcsSource()
  - \Google\Cloud\Vision\V1\ImportProductSetsInputConfig::hasGcsSource()
  - \Google\Cloud\Vision\V1\ImportProductSetsInputConfig::setGcsSource()
  - \Google\Cloud\Vision\V1\ImportProductSetsInputConfig::getSource()
  properties:
  - name: source
- uid: \Google\Cloud\Vision\V1\ImportProductSetsInputConfig::__construct()
  name: __construct
  id: __construct
  summary: Constructor.
  parent: \Google\Cloud\Vision\V1\ImportProductSetsInputConfig
  type: method
  langs:
  - php
  parameters:
  - type: array
    name: data
    description: '{     Optional. Data for populating the Message object.      @type
      \Google\Cloud\Vision\V1\ImportProductSetsGcsSource $gcs_source           The
      Google Cloud Storage location for a csv file which preserves a list           of
      ImportProductSetRequests in each line. }'
- uid: \Google\Cloud\Vision\V1\ImportProductSetsInputConfig::getGcsSource()
  name: getGcsSource
  id: getGcsSource
  summary: |-
    The Google Cloud Storage location for a csv file which preserves a list
    of ImportProductSetRequests in each line.

    Generated from protobuf field <code>.google.cloud.vision.v1.ImportProductSetsGcsSource gcs_source = 1;</code>
  parent: \Google\Cloud\Vision\V1\ImportProductSetsInputConfig
  type: method
  langs:
  - php
- uid: \Google\Cloud\Vision\V1\ImportProductSetsInputConfig::hasGcsSource()
  name: hasGcsSource
  id: hasGcsSource
  parent: \Google\Cloud\Vision\V1\ImportProductSetsInputConfig
  type: method
  langs:
  - php
- uid: \Google\Cloud\Vision\V1\ImportProductSetsInputConfig::setGcsSource()
  name: setGcsSource
  id: setGcsSource
  summary: |-
    The Google Cloud Storage location for a csv file which preserves a list
    of ImportProductSetRequests in each line.

    Generated from protobuf field <code>.google.cloud.vision.v1.ImportProductSetsGcsSource gcs_source = 1;</code>
  parent: \Google\Cloud\Vision\V1\ImportProductSetsInputConfig
  type: method
  langs:
  - php
  parameters:
  - type: \Google\Cloud\Vision\V1\ImportProductSetsGcsSource
    name: var
- uid: \Google\Cloud\Vision\V1\ImportProductSetsInputConfig::getSource()
  name: getSource
  id: getSource
  parent: \Google\Cloud\Vision\V1\ImportProductSetsInputConfig
  type: method
  langs:
  - php
