### YamlMime:UniversalReference
items:
- uid: \Google\Cloud\Vision\V1\ImageAnnotationContext
  name: ImageAnnotationContext
  id: ImageAnnotationContext
  summary: |-
    If an image was produced from a file (e.g. a PDF), this message gives
    information about the source of that image.

    Generated from protobuf message <code>google.cloud.vision.v1.ImageAnnotationContext</code>
  type: class
  langs:
  - php
  children:
  - \Google\Cloud\Vision\V1\ImageAnnotationContext::__construct()
  - \Google\Cloud\Vision\V1\ImageAnnotationContext::getUri()
  - \Google\Cloud\Vision\V1\ImageAnnotationContext::setUri()
  - \Google\Cloud\Vision\V1\ImageAnnotationContext::getPageNumber()
  - \Google\Cloud\Vision\V1\ImageAnnotationContext::setPageNumber()
  properties:
  - name: uri
    description: |-
      The URI of the file used to produce the image.

      Generated from protobuf field <code>string uri = 1;</code>
  - name: page_number
    description: |-
      If the file was a PDF or TIFF, this field gives the page number within
      the file used to produce the image.

      Generated from protobuf field <code>int32 page_number = 2;</code>
- uid: \Google\Cloud\Vision\V1\ImageAnnotationContext::__construct()
  name: __construct
  id: __construct
  summary: Constructor.
  parent: \Google\Cloud\Vision\V1\ImageAnnotationContext
  type: method
  langs:
  - php
  parameters:
  - type: array
    name: data
    description: '{     Optional. Data for populating the Message object.      @type
      string $uri           The URI of the file used to produce the image.     @type
      int $page_number           If the file was a PDF or TIFF, this field gives the
      page number within           the file used to produce the image. }'
- uid: \Google\Cloud\Vision\V1\ImageAnnotationContext::getUri()
  name: getUri
  id: getUri
  summary: |-
    The URI of the file used to produce the image.

    Generated from protobuf field <code>string uri = 1;</code>
  parent: \Google\Cloud\Vision\V1\ImageAnnotationContext
  type: method
  langs:
  - php
- uid: \Google\Cloud\Vision\V1\ImageAnnotationContext::setUri()
  name: setUri
  id: setUri
  summary: |-
    The URI of the file used to produce the image.

    Generated from protobuf field <code>string uri = 1;</code>
  parent: \Google\Cloud\Vision\V1\ImageAnnotationContext
  type: method
  langs:
  - php
  parameters:
  - type: string
    name: var
- uid: \Google\Cloud\Vision\V1\ImageAnnotationContext::getPageNumber()
  name: getPageNumber
  id: getPageNumber
  summary: |-
    If the file was a PDF or TIFF, this field gives the page number within
    the file used to produce the image.

    Generated from protobuf field <code>int32 page_number = 2;</code>
  parent: \Google\Cloud\Vision\V1\ImageAnnotationContext
  type: method
  langs:
  - php
- uid: \Google\Cloud\Vision\V1\ImageAnnotationContext::setPageNumber()
  name: setPageNumber
  id: setPageNumber
  summary: |-
    If the file was a PDF or TIFF, this field gives the page number within
    the file used to produce the image.

    Generated from protobuf field <code>int32 page_number = 2;</code>
  parent: \Google\Cloud\Vision\V1\ImageAnnotationContext
  type: method
  langs:
  - php
  parameters:
  - type: int
    name: var
