### YamlMime:UniversalReference
items:
- uid: \Google\Cloud\Vision\V1\LatLongRect
  name: LatLongRect
  id: LatLongRect
  summary: |-
    Rectangle determined by min and max `LatLng` pairs.

    Generated from protobuf message <code>google.cloud.vision.v1.LatLongRect</code>
  type: class
  langs:
  - php
  children:
  - \Google\Cloud\Vision\V1\LatLongRect::__construct()
  - \Google\Cloud\Vision\V1\LatLongRect::getMinLatLng()
  - \Google\Cloud\Vision\V1\LatLongRect::hasMinLatLng()
  - \Google\Cloud\Vision\V1\LatLongRect::clearMinLatLng()
  - \Google\Cloud\Vision\V1\LatLongRect::setMinLatLng()
  - \Google\Cloud\Vision\V1\LatLongRect::getMaxLatLng()
  - \Google\Cloud\Vision\V1\LatLongRect::hasMaxLatLng()
  - \Google\Cloud\Vision\V1\LatLongRect::clearMaxLatLng()
  - \Google\Cloud\Vision\V1\LatLongRect::setMaxLatLng()
  properties:
  - name: min_lat_lng
    description: |-
      Min lat/long pair.

      Generated from protobuf field <code>.google.type.LatLng min_lat_lng = 1;</code>
  - name: max_lat_lng
    description: |-
      Max lat/long pair.

      Generated from protobuf field <code>.google.type.LatLng max_lat_lng = 2;</code>
- uid: \Google\Cloud\Vision\V1\LatLongRect::__construct()
  name: __construct
  id: __construct
  summary: Constructor.
  parent: \Google\Cloud\Vision\V1\LatLongRect
  type: method
  langs:
  - php
  parameters:
  - type: array
    name: data
    description: '{     Optional. Data for populating the Message object.      @type
      \Google\Type\LatLng $min_lat_lng           Min lat/long pair.     @type \Google\Type\LatLng
      $max_lat_lng           Max lat/long pair. }'
- uid: \Google\Cloud\Vision\V1\LatLongRect::getMinLatLng()
  name: getMinLatLng
  id: getMinLatLng
  summary: |-
    Min lat/long pair.

    Generated from protobuf field <code>.google.type.LatLng min_lat_lng = 1;</code>
  parent: \Google\Cloud\Vision\V1\LatLongRect
  type: method
  langs:
  - php
- uid: \Google\Cloud\Vision\V1\LatLongRect::hasMinLatLng()
  name: hasMinLatLng
  id: hasMinLatLng
  parent: \Google\Cloud\Vision\V1\LatLongRect
  type: method
  langs:
  - php
- uid: \Google\Cloud\Vision\V1\LatLongRect::clearMinLatLng()
  name: clearMinLatLng
  id: clearMinLatLng
  parent: \Google\Cloud\Vision\V1\LatLongRect
  type: method
  langs:
  - php
- uid: \Google\Cloud\Vision\V1\LatLongRect::setMinLatLng()
  name: setMinLatLng
  id: setMinLatLng
  summary: |-
    Min lat/long pair.

    Generated from protobuf field <code>.google.type.LatLng min_lat_lng = 1;</code>
  parent: \Google\Cloud\Vision\V1\LatLongRect
  type: method
  langs:
  - php
  parameters:
  - type: \Google\Type\LatLng
    name: var
- uid: \Google\Cloud\Vision\V1\LatLongRect::getMaxLatLng()
  name: getMaxLatLng
  id: getMaxLatLng
  summary: |-
    Max lat/long pair.

    Generated from protobuf field <code>.google.type.LatLng max_lat_lng = 2;</code>
  parent: \Google\Cloud\Vision\V1\LatLongRect
  type: method
  langs:
  - php
- uid: \Google\Cloud\Vision\V1\LatLongRect::hasMaxLatLng()
  name: hasMaxLatLng
  id: hasMaxLatLng
  parent: \Google\Cloud\Vision\V1\LatLongRect
  type: method
  langs:
  - php
- uid: \Google\Cloud\Vision\V1\LatLongRect::clearMaxLatLng()
  name: clearMaxLatLng
  id: clearMaxLatLng
  parent: \Google\Cloud\Vision\V1\LatLongRect
  type: method
  langs:
  - php
- uid: \Google\Cloud\Vision\V1\LatLongRect::setMaxLatLng()
  name: setMaxLatLng
  id: setMaxLatLng
  summary: |-
    Max lat/long pair.

    Generated from protobuf field <code>.google.type.LatLng max_lat_lng = 2;</code>
  parent: \Google\Cloud\Vision\V1\LatLongRect
  type: method
  langs:
  - php
  parameters:
  - type: \Google\Type\LatLng
    name: var
