### YamlMime:UniversalReference
items:
- uid: \Google\Cloud\Vision\V1\LocationInfo
  name: LocationInfo
  id: LocationInfo
  summary: |-
    Detected entity location information.

    Generated from protobuf message <code>google.cloud.vision.v1.LocationInfo</code>
  type: class
  langs:
  - php
  children:
  - \Google\Cloud\Vision\V1\LocationInfo::__construct()
  - \Google\Cloud\Vision\V1\LocationInfo::getLatLng()
  - \Google\Cloud\Vision\V1\LocationInfo::hasLatLng()
  - \Google\Cloud\Vision\V1\LocationInfo::clearLatLng()
  - \Google\Cloud\Vision\V1\LocationInfo::setLatLng()
  properties:
  - name: lat_lng
    description: |-
      lat/long location coordinates.

      Generated from protobuf field <code>.google.type.LatLng lat_lng = 1;</code>
- uid: \Google\Cloud\Vision\V1\LocationInfo::__construct()
  name: __construct
  id: __construct
  summary: Constructor.
  parent: \Google\Cloud\Vision\V1\LocationInfo
  type: method
  langs:
  - php
  parameters:
  - type: array
    name: data
    description: '{     Optional. Data for populating the Message object.      @type
      \Google\Type\LatLng $lat_lng           lat/long location coordinates. }'
- uid: \Google\Cloud\Vision\V1\LocationInfo::getLatLng()
  name: getLatLng
  id: getLatLng
  summary: |-
    lat/long location coordinates.

    Generated from protobuf field <code>.google.type.LatLng lat_lng = 1;</code>
  parent: \Google\Cloud\Vision\V1\LocationInfo
  type: method
  langs:
  - php
- uid: \Google\Cloud\Vision\V1\LocationInfo::hasLatLng()
  name: hasLatLng
  id: hasLatLng
  parent: \Google\Cloud\Vision\V1\LocationInfo
  type: method
  langs:
  - php
- uid: \Google\Cloud\Vision\V1\LocationInfo::clearLatLng()
  name: clearLatLng
  id: clearLatLng
  parent: \Google\Cloud\Vision\V1\LocationInfo
  type: method
  langs:
  - php
- uid: \Google\Cloud\Vision\V1\LocationInfo::setLatLng()
  name: setLatLng
  id: setLatLng
  summary: |-
    lat/long location coordinates.

    Generated from protobuf field <code>.google.type.LatLng lat_lng = 1;</code>
  parent: \Google\Cloud\Vision\V1\LocationInfo
  type: method
  langs:
  - php
  parameters:
  - type: \Google\Type\LatLng
    name: var
