### YamlMime:UniversalReference
items:
- uid: \Google\Cloud\Vision\V1\ListProductsInProductSetResponse
  name: ListProductsInProductSetResponse
  id: ListProductsInProductSetResponse
  summary: |-
    Response message for the `ListProductsInProductSet` method.

    Generated from protobuf message <code>google.cloud.vision.v1.ListProductsInProductSetResponse</code>
  type: class
  langs:
  - php
  children:
  - \Google\Cloud\Vision\V1\ListProductsInProductSetResponse::__construct()
  - \Google\Cloud\Vision\V1\ListProductsInProductSetResponse::getProducts()
  - \Google\Cloud\Vision\V1\ListProductsInProductSetResponse::setProducts()
  - \Google\Cloud\Vision\V1\ListProductsInProductSetResponse::getNextPageToken()
  - \Google\Cloud\Vision\V1\ListProductsInProductSetResponse::setNextPageToken()
  properties:
  - name: products
    description: |-
      The list of Products.

      Generated from protobuf field <code>repeated .google.cloud.vision.v1.Product products = 1;</code>
  - name: next_page_token
    description: |-
      Token to retrieve the next page of results, or empty if there are no more
      results in the list.

      Generated from protobuf field <code>string next_page_token = 2;</code>
- uid: \Google\Cloud\Vision\V1\ListProductsInProductSetResponse::__construct()
  name: __construct
  id: __construct
  summary: Constructor.
  parent: \Google\Cloud\Vision\V1\ListProductsInProductSetResponse
  type: method
  langs:
  - php
  parameters:
  - type: array
    name: data
    description: '{     Optional. Data for populating the Message object.      @type
      \Google\Cloud\Vision\V1\Product[]|\Google\Protobuf\Internal\RepeatedField $products           The
      list of Products.     @type string $next_page_token           Token to retrieve
      the next page of results, or empty if there are no more           results in
      the list. }'
- uid: \Google\Cloud\Vision\V1\ListProductsInProductSetResponse::getProducts()
  name: getProducts
  id: getProducts
  summary: |-
    The list of Products.

    Generated from protobuf field <code>repeated .google.cloud.vision.v1.Product products = 1;</code>
  parent: \Google\Cloud\Vision\V1\ListProductsInProductSetResponse
  type: method
  langs:
  - php
- uid: \Google\Cloud\Vision\V1\ListProductsInProductSetResponse::setProducts()
  name: setProducts
  id: setProducts
  summary: |-
    The list of Products.

    Generated from protobuf field <code>repeated .google.cloud.vision.v1.Product products = 1;</code>
  parent: \Google\Cloud\Vision\V1\ListProductsInProductSetResponse
  type: method
  langs:
  - php
  parameters:
  - type: \Google\Cloud\Vision\V1\Product[]|\Google\Protobuf\Internal\RepeatedField
    name: var
- uid: \Google\Cloud\Vision\V1\ListProductsInProductSetResponse::getNextPageToken()
  name: getNextPageToken
  id: getNextPageToken
  summary: |-
    Token to retrieve the next page of results, or empty if there are no more
    results in the list.

    Generated from protobuf field <code>string next_page_token = 2;</code>
  parent: \Google\Cloud\Vision\V1\ListProductsInProductSetResponse
  type: method
  langs:
  - php
- uid: \Google\Cloud\Vision\V1\ListProductsInProductSetResponse::setNextPageToken()
  name: setNextPageToken
  id: setNextPageToken
  summary: |-
    Token to retrieve the next page of results, or empty if there are no more
    results in the list.

    Generated from protobuf field <code>string next_page_token = 2;</code>
  parent: \Google\Cloud\Vision\V1\ListProductsInProductSetResponse
  type: method
  langs:
  - php
  parameters:
  - type: string
    name: var
