### YamlMime:UniversalReference
items:
- uid: \Google\Cloud\Vision\V1\ListProductSetsRequest
  name: ListProductSetsRequest
  id: ListProductSetsRequest
  summary: |-
    Request message for the `ListProductSets` method.

    Generated from protobuf message <code>google.cloud.vision.v1.ListProductSetsRequest</code>
  type: class
  langs:
  - php
  children:
  - \Google\Cloud\Vision\V1\ListProductSetsRequest::__construct()
  - \Google\Cloud\Vision\V1\ListProductSetsRequest::getParent()
  - \Google\Cloud\Vision\V1\ListProductSetsRequest::setParent()
  - \Google\Cloud\Vision\V1\ListProductSetsRequest::getPageSize()
  - \Google\Cloud\Vision\V1\ListProductSetsRequest::setPageSize()
  - \Google\Cloud\Vision\V1\ListProductSetsRequest::getPageToken()
  - \Google\Cloud\Vision\V1\ListProductSetsRequest::setPageToken()
  properties:
  - name: parent
    description: |-
      Required. The project from which ProductSets should be listed.

      Format is `projects/PROJECT_ID/locations/LOC_ID`.

      Generated from protobuf field <code>string parent = 1 [(.google.api.field_behavior) = REQUIRED, (.google.api.resource_reference) = {</code>
  - name: page_size
    description: |-
      The maximum number of items to return. Default 10, maximum 100.

      Generated from protobuf field <code>int32 page_size = 2;</code>
  - name: page_token
    description: |-
      The next_page_token returned from a previous List request, if any.

      Generated from protobuf field <code>string page_token = 3;</code>
- uid: \Google\Cloud\Vision\V1\ListProductSetsRequest::__construct()
  name: __construct
  id: __construct
  summary: Constructor.
  parent: \Google\Cloud\Vision\V1\ListProductSetsRequest
  type: method
  langs:
  - php
  parameters:
  - type: array
    name: data
    description: '{     Optional. Data for populating the Message object.      @type
      string $parent           Required. The project from which ProductSets should
      be listed.           Format is `projects/PROJECT_ID/locations/LOC_ID`.     @type
      int $page_size           The maximum number of items to return. Default 10,
      maximum 100.     @type string $page_token           The next_page_token returned
      from a previous List request, if any. }'
- uid: \Google\Cloud\Vision\V1\ListProductSetsRequest::getParent()
  name: getParent
  id: getParent
  summary: |-
    Required. The project from which ProductSets should be listed.

    Format is `projects/PROJECT_ID/locations/LOC_ID`.

    Generated from protobuf field <code>string parent = 1 [(.google.api.field_behavior) = REQUIRED, (.google.api.resource_reference) = {</code>
  parent: \Google\Cloud\Vision\V1\ListProductSetsRequest
  type: method
  langs:
  - php
- uid: \Google\Cloud\Vision\V1\ListProductSetsRequest::setParent()
  name: setParent
  id: setParent
  summary: |-
    Required. The project from which ProductSets should be listed.

    Format is `projects/PROJECT_ID/locations/LOC_ID`.

    Generated from protobuf field <code>string parent = 1 [(.google.api.field_behavior) = REQUIRED, (.google.api.resource_reference) = {</code>
  parent: \Google\Cloud\Vision\V1\ListProductSetsRequest
  type: method
  langs:
  - php
  parameters:
  - type: string
    name: var
- uid: \Google\Cloud\Vision\V1\ListProductSetsRequest::getPageSize()
  name: getPageSize
  id: getPageSize
  summary: |-
    The maximum number of items to return. Default 10, maximum 100.

    Generated from protobuf field <code>int32 page_size = 2;</code>
  parent: \Google\Cloud\Vision\V1\ListProductSetsRequest
  type: method
  langs:
  - php
- uid: \Google\Cloud\Vision\V1\ListProductSetsRequest::setPageSize()
  name: setPageSize
  id: setPageSize
  summary: |-
    The maximum number of items to return. Default 10, maximum 100.

    Generated from protobuf field <code>int32 page_size = 2;</code>
  parent: \Google\Cloud\Vision\V1\ListProductSetsRequest
  type: method
  langs:
  - php
  parameters:
  - type: int
    name: var
- uid: \Google\Cloud\Vision\V1\ListProductSetsRequest::getPageToken()
  name: getPageToken
  id: getPageToken
  summary: |-
    The next_page_token returned from a previous List request, if any.

    Generated from protobuf field <code>string page_token = 3;</code>
  parent: \Google\Cloud\Vision\V1\ListProductSetsRequest
  type: method
  langs:
  - php
- uid: \Google\Cloud\Vision\V1\ListProductSetsRequest::setPageToken()
  name: setPageToken
  id: setPageToken
  summary: |-
    The next_page_token returned from a previous List request, if any.

    Generated from protobuf field <code>string page_token = 3;</code>
  parent: \Google\Cloud\Vision\V1\ListProductSetsRequest
  type: method
  langs:
  - php
  parameters:
  - type: string
    name: var
