### YamlMime:UniversalReference
items:
- uid: \Google\Cloud\Vision\V1\OperationMetadata
  name: OperationMetadata
  id: OperationMetadata
  summary: |-
    Contains metadata for the BatchAnnotateImages operation.

    Generated from protobuf message <code>google.cloud.vision.v1.OperationMetadata</code>
  type: class
  langs:
  - php
  children:
  - \Google\Cloud\Vision\V1\OperationMetadata::__construct()
  - \Google\Cloud\Vision\V1\OperationMetadata::getState()
  - \Google\Cloud\Vision\V1\OperationMetadata::setState()
  - \Google\Cloud\Vision\V1\OperationMetadata::getCreateTime()
  - \Google\Cloud\Vision\V1\OperationMetadata::hasCreateTime()
  - \Google\Cloud\Vision\V1\OperationMetadata::clearCreateTime()
  - \Google\Cloud\Vision\V1\OperationMetadata::setCreateTime()
  - \Google\Cloud\Vision\V1\OperationMetadata::getUpdateTime()
  - \Google\Cloud\Vision\V1\OperationMetadata::hasUpdateTime()
  - \Google\Cloud\Vision\V1\OperationMetadata::clearUpdateTime()
  - \Google\Cloud\Vision\V1\OperationMetadata::setUpdateTime()
  properties:
  - name: state
    description: |-
      Current state of the batch operation.

      Generated from protobuf field <code>.google.cloud.vision.v1.OperationMetadata.State state = 1;</code>
  - name: create_time
    description: |-
      The time when the batch request was received.

      Generated from protobuf field <code>.google.protobuf.Timestamp create_time = 5;</code>
  - name: update_time
    description: |-
      The time when the operation result was last updated.

      Generated from protobuf field <code>.google.protobuf.Timestamp update_time = 6;</code>
- uid: \Google\Cloud\Vision\V1\OperationMetadata::__construct()
  name: __construct
  id: __construct
  summary: Constructor.
  parent: \Google\Cloud\Vision\V1\OperationMetadata
  type: method
  langs:
  - php
  parameters:
  - type: array
    name: data
    description: '{     Optional. Data for populating the Message object.      @type
      int $state           Current state of the batch operation.     @type \Google\Protobuf\Timestamp
      $create_time           The time when the batch request was received.     @type
      \Google\Protobuf\Timestamp $update_time           The time when the operation
      result was last updated. }'
- uid: \Google\Cloud\Vision\V1\OperationMetadata::getState()
  name: getState
  id: getState
  summary: |-
    Current state of the batch operation.

    Generated from protobuf field <code>.google.cloud.vision.v1.OperationMetadata.State state = 1;</code>
  parent: \Google\Cloud\Vision\V1\OperationMetadata
  type: method
  langs:
  - php
- uid: \Google\Cloud\Vision\V1\OperationMetadata::setState()
  name: setState
  id: setState
  summary: |-
    Current state of the batch operation.

    Generated from protobuf field <code>.google.cloud.vision.v1.OperationMetadata.State state = 1;</code>
  parent: \Google\Cloud\Vision\V1\OperationMetadata
  type: method
  langs:
  - php
  parameters:
  - type: int
    name: var
- uid: \Google\Cloud\Vision\V1\OperationMetadata::getCreateTime()
  name: getCreateTime
  id: getCreateTime
  summary: |-
    The time when the batch request was received.

    Generated from protobuf field <code>.google.protobuf.Timestamp create_time = 5;</code>
  parent: \Google\Cloud\Vision\V1\OperationMetadata
  type: method
  langs:
  - php
- uid: \Google\Cloud\Vision\V1\OperationMetadata::hasCreateTime()
  name: hasCreateTime
  id: hasCreateTime
  parent: \Google\Cloud\Vision\V1\OperationMetadata
  type: method
  langs:
  - php
- uid: \Google\Cloud\Vision\V1\OperationMetadata::clearCreateTime()
  name: clearCreateTime
  id: clearCreateTime
  parent: \Google\Cloud\Vision\V1\OperationMetadata
  type: method
  langs:
  - php
- uid: \Google\Cloud\Vision\V1\OperationMetadata::setCreateTime()
  name: setCreateTime
  id: setCreateTime
  summary: |-
    The time when the batch request was received.

    Generated from protobuf field <code>.google.protobuf.Timestamp create_time = 5;</code>
  parent: \Google\Cloud\Vision\V1\OperationMetadata
  type: method
  langs:
  - php
  parameters:
  - type: \Google\Protobuf\Timestamp
    name: var
- uid: \Google\Cloud\Vision\V1\OperationMetadata::getUpdateTime()
  name: getUpdateTime
  id: getUpdateTime
  summary: |-
    The time when the operation result was last updated.

    Generated from protobuf field <code>.google.protobuf.Timestamp update_time = 6;</code>
  parent: \Google\Cloud\Vision\V1\OperationMetadata
  type: method
  langs:
  - php
- uid: \Google\Cloud\Vision\V1\OperationMetadata::hasUpdateTime()
  name: hasUpdateTime
  id: hasUpdateTime
  parent: \Google\Cloud\Vision\V1\OperationMetadata
  type: method
  langs:
  - php
- uid: \Google\Cloud\Vision\V1\OperationMetadata::clearUpdateTime()
  name: clearUpdateTime
  id: clearUpdateTime
  parent: \Google\Cloud\Vision\V1\OperationMetadata
  type: method
  langs:
  - php
- uid: \Google\Cloud\Vision\V1\OperationMetadata::setUpdateTime()
  name: setUpdateTime
  id: setUpdateTime
  summary: |-
    The time when the operation result was last updated.

    Generated from protobuf field <code>.google.protobuf.Timestamp update_time = 6;</code>
  parent: \Google\Cloud\Vision\V1\OperationMetadata
  type: method
  langs:
  - php
  parameters:
  - type: \Google\Protobuf\Timestamp
    name: var
