### YamlMime:UniversalReference
items:
- uid: \Google\Cloud\Vision\V1\Position
  name: Position
  id: Position
  summary: |-
    A 3D position in the image, used primarily for Face detection landmarks.

    A valid Position must have both x and y coordinates.
    The position coordinates are in the same scale as the original image.

    Generated from protobuf message <code>google.cloud.vision.v1.Position</code>
  type: class
  langs:
  - php
  children:
  - \Google\Cloud\Vision\V1\Position::__construct()
  - \Google\Cloud\Vision\V1\Position::getX()
  - \Google\Cloud\Vision\V1\Position::setX()
  - \Google\Cloud\Vision\V1\Position::getY()
  - \Google\Cloud\Vision\V1\Position::setY()
  - \Google\Cloud\Vision\V1\Position::getZ()
  - \Google\Cloud\Vision\V1\Position::setZ()
  properties:
  - name: x
    description: |-
      X coordinate.

      Generated from protobuf field <code>float x = 1;</code>
  - name: "y"
    description: |-
      Y coordinate.

      Generated from protobuf field <code>float y = 2;</code>
  - name: z
    description: |-
      Z coordinate (or depth).

      Generated from protobuf field <code>float z = 3;</code>
- uid: \Google\Cloud\Vision\V1\Position::__construct()
  name: __construct
  id: __construct
  summary: Constructor.
  parent: \Google\Cloud\Vision\V1\Position
  type: method
  langs:
  - php
  parameters:
  - type: array
    name: data
    description: '{     Optional. Data for populating the Message object.      @type
      float $x           X coordinate.     @type float $y           Y coordinate.     @type
      float $z           Z coordinate (or depth). }'
- uid: \Google\Cloud\Vision\V1\Position::getX()
  name: getX
  id: getX
  summary: |-
    X coordinate.

    Generated from protobuf field <code>float x = 1;</code>
  parent: \Google\Cloud\Vision\V1\Position
  type: method
  langs:
  - php
- uid: \Google\Cloud\Vision\V1\Position::setX()
  name: setX
  id: setX
  summary: |-
    X coordinate.

    Generated from protobuf field <code>float x = 1;</code>
  parent: \Google\Cloud\Vision\V1\Position
  type: method
  langs:
  - php
  parameters:
  - type: float
    name: var
- uid: \Google\Cloud\Vision\V1\Position::getY()
  name: getY
  id: getY
  summary: |-
    Y coordinate.

    Generated from protobuf field <code>float y = 2;</code>
  parent: \Google\Cloud\Vision\V1\Position
  type: method
  langs:
  - php
- uid: \Google\Cloud\Vision\V1\Position::setY()
  name: setY
  id: setY
  summary: |-
    Y coordinate.

    Generated from protobuf field <code>float y = 2;</code>
  parent: \Google\Cloud\Vision\V1\Position
  type: method
  langs:
  - php
  parameters:
  - type: float
    name: var
- uid: \Google\Cloud\Vision\V1\Position::getZ()
  name: getZ
  id: getZ
  summary: |-
    Z coordinate (or depth).

    Generated from protobuf field <code>float z = 3;</code>
  parent: \Google\Cloud\Vision\V1\Position
  type: method
  langs:
  - php
- uid: \Google\Cloud\Vision\V1\Position::setZ()
  name: setZ
  id: setZ
  summary: |-
    Z coordinate (or depth).

    Generated from protobuf field <code>float z = 3;</code>
  parent: \Google\Cloud\Vision\V1\Position
  type: method
  langs:
  - php
  parameters:
  - type: float
    name: var
