### YamlMime:UniversalReference
items:
- uid: \Google\Cloud\Vision\V1\ProductSet
  name: ProductSet
  id: ProductSet
  summary: |-
    A ProductSet contains Products. A ProductSet can contain a maximum of 1
    million reference images. If the limit is exceeded, periodic indexing will
    fail.

    Generated from protobuf message <code>google.cloud.vision.v1.ProductSet</code>
  type: class
  langs:
  - php
  children:
  - \Google\Cloud\Vision\V1\ProductSet::__construct()
  - \Google\Cloud\Vision\V1\ProductSet::getName()
  - \Google\Cloud\Vision\V1\ProductSet::setName()
  - \Google\Cloud\Vision\V1\ProductSet::getDisplayName()
  - \Google\Cloud\Vision\V1\ProductSet::setDisplayName()
  - \Google\Cloud\Vision\V1\ProductSet::getIndexTime()
  - \Google\Cloud\Vision\V1\ProductSet::hasIndexTime()
  - \Google\Cloud\Vision\V1\ProductSet::clearIndexTime()
  - \Google\Cloud\Vision\V1\ProductSet::setIndexTime()
  - \Google\Cloud\Vision\V1\ProductSet::getIndexError()
  - \Google\Cloud\Vision\V1\ProductSet::hasIndexError()
  - \Google\Cloud\Vision\V1\ProductSet::clearIndexError()
  - \Google\Cloud\Vision\V1\ProductSet::setIndexError()
  properties:
  - name: name
    description: |-
      The resource name of the ProductSet.

      Format is:
      `projects/PROJECT_ID/locations/LOC_ID/productSets/PRODUCT_SET_ID`.
      This field is ignored when creating a ProductSet.

      Generated from protobuf field <code>string name = 1;</code>
  - name: display_name
    description: |-
      The user-provided name for this ProductSet. Must not be empty. Must be at
      most 4096 characters long.

      Generated from protobuf field <code>string display_name = 2;</code>
  - name: index_time
    description: |-
      Output only. The time at which this ProductSet was last indexed. Query
      results will reflect all updates before this time. If this ProductSet has
      never been indexed, this timestamp is the default value
      "1970-01-01T00:00:00Z".

      This field is ignored when creating a ProductSet.

      Generated from protobuf field <code>.google.protobuf.Timestamp index_time = 3 [(.google.api.field_behavior) = OUTPUT_ONLY];</code>
  - name: index_error
    description: |-
      Output only. If there was an error with indexing the product set, the field
      is populated.

      This field is ignored when creating a ProductSet.

      Generated from protobuf field <code>.google.rpc.Status index_error = 4 [(.google.api.field_behavior) = OUTPUT_ONLY];</code>
- uid: \Google\Cloud\Vision\V1\ProductSet::__construct()
  name: __construct
  id: __construct
  summary: Constructor.
  parent: \Google\Cloud\Vision\V1\ProductSet
  type: method
  langs:
  - php
  parameters:
  - type: array
    name: data
    description: '{     Optional. Data for populating the Message object.      @type
      string $name           The resource name of the ProductSet.           Format
      is:           `projects/PROJECT_ID/locations/LOC_ID/productSets/PRODUCT_SET_ID`.           This
      field is ignored when creating a ProductSet.     @type string $display_name           The
      user-provided name for this ProductSet. Must not be empty. Must be at           most
      4096 characters long.     @type \Google\Protobuf\Timestamp $index_time           Output
      only. The time at which this ProductSet was last indexed. Query           results
      will reflect all updates before this time. If this ProductSet has           never
      been indexed, this timestamp is the default value           "1970-01-01T00:00:00Z".           This
      field is ignored when creating a ProductSet.     @type \Google\Rpc\Status $index_error           Output
      only. If there was an error with indexing the product set, the field           is
      populated.           This field is ignored when creating a ProductSet. }'
- uid: \Google\Cloud\Vision\V1\ProductSet::getName()
  name: getName
  id: getName
  summary: |-
    The resource name of the ProductSet.

    Format is:
    `projects/PROJECT_ID/locations/LOC_ID/productSets/PRODUCT_SET_ID`.
    This field is ignored when creating a ProductSet.

    Generated from protobuf field <code>string name = 1;</code>
  parent: \Google\Cloud\Vision\V1\ProductSet
  type: method
  langs:
  - php
- uid: \Google\Cloud\Vision\V1\ProductSet::setName()
  name: setName
  id: setName
  summary: |-
    The resource name of the ProductSet.

    Format is:
    `projects/PROJECT_ID/locations/LOC_ID/productSets/PRODUCT_SET_ID`.
    This field is ignored when creating a ProductSet.

    Generated from protobuf field <code>string name = 1;</code>
  parent: \Google\Cloud\Vision\V1\ProductSet
  type: method
  langs:
  - php
  parameters:
  - type: string
    name: var
- uid: \Google\Cloud\Vision\V1\ProductSet::getDisplayName()
  name: getDisplayName
  id: getDisplayName
  summary: |-
    The user-provided name for this ProductSet. Must not be empty. Must be at
    most 4096 characters long.

    Generated from protobuf field <code>string display_name = 2;</code>
  parent: \Google\Cloud\Vision\V1\ProductSet
  type: method
  langs:
  - php
- uid: \Google\Cloud\Vision\V1\ProductSet::setDisplayName()
  name: setDisplayName
  id: setDisplayName
  summary: |-
    The user-provided name for this ProductSet. Must not be empty. Must be at
    most 4096 characters long.

    Generated from protobuf field <code>string display_name = 2;</code>
  parent: \Google\Cloud\Vision\V1\ProductSet
  type: method
  langs:
  - php
  parameters:
  - type: string
    name: var
- uid: \Google\Cloud\Vision\V1\ProductSet::getIndexTime()
  name: getIndexTime
  id: getIndexTime
  summary: |-
    Output only. The time at which this ProductSet was last indexed. Query
    results will reflect all updates before this time. If this ProductSet has
    never been indexed, this timestamp is the default value
    "1970-01-01T00:00:00Z".

    This field is ignored when creating a ProductSet.

    Generated from protobuf field <code>.google.protobuf.Timestamp index_time = 3 [(.google.api.field_behavior) = OUTPUT_ONLY];</code>
  parent: \Google\Cloud\Vision\V1\ProductSet
  type: method
  langs:
  - php
- uid: \Google\Cloud\Vision\V1\ProductSet::hasIndexTime()
  name: hasIndexTime
  id: hasIndexTime
  parent: \Google\Cloud\Vision\V1\ProductSet
  type: method
  langs:
  - php
- uid: \Google\Cloud\Vision\V1\ProductSet::clearIndexTime()
  name: clearIndexTime
  id: clearIndexTime
  parent: \Google\Cloud\Vision\V1\ProductSet
  type: method
  langs:
  - php
- uid: \Google\Cloud\Vision\V1\ProductSet::setIndexTime()
  name: setIndexTime
  id: setIndexTime
  summary: |-
    Output only. The time at which this ProductSet was last indexed. Query
    results will reflect all updates before this time. If this ProductSet has
    never been indexed, this timestamp is the default value
    "1970-01-01T00:00:00Z".

    This field is ignored when creating a ProductSet.

    Generated from protobuf field <code>.google.protobuf.Timestamp index_time = 3 [(.google.api.field_behavior) = OUTPUT_ONLY];</code>
  parent: \Google\Cloud\Vision\V1\ProductSet
  type: method
  langs:
  - php
  parameters:
  - type: \Google\Protobuf\Timestamp
    name: var
- uid: \Google\Cloud\Vision\V1\ProductSet::getIndexError()
  name: getIndexError
  id: getIndexError
  summary: |-
    Output only. If there was an error with indexing the product set, the field
    is populated.

    This field is ignored when creating a ProductSet.

    Generated from protobuf field <code>.google.rpc.Status index_error = 4 [(.google.api.field_behavior) = OUTPUT_ONLY];</code>
  parent: \Google\Cloud\Vision\V1\ProductSet
  type: method
  langs:
  - php
- uid: \Google\Cloud\Vision\V1\ProductSet::hasIndexError()
  name: hasIndexError
  id: hasIndexError
  parent: \Google\Cloud\Vision\V1\ProductSet
  type: method
  langs:
  - php
- uid: \Google\Cloud\Vision\V1\ProductSet::clearIndexError()
  name: clearIndexError
  id: clearIndexError
  parent: \Google\Cloud\Vision\V1\ProductSet
  type: method
  langs:
  - php
- uid: \Google\Cloud\Vision\V1\ProductSet::setIndexError()
  name: setIndexError
  id: setIndexError
  summary: |-
    Output only. If there was an error with indexing the product set, the field
    is populated.

    This field is ignored when creating a ProductSet.

    Generated from protobuf field <code>.google.rpc.Status index_error = 4 [(.google.api.field_behavior) = OUTPUT_ONLY];</code>
  parent: \Google\Cloud\Vision\V1\ProductSet
  type: method
  langs:
  - php
  parameters:
  - type: \Google\Rpc\Status
    name: var
