### YamlMime:UniversalReference
items:
- uid: \Google\Cloud\Vision\V1\ProductSearchResults\GroupedResult
  name: GroupedResult
  id: GroupedResult
  summary: |-
    Information about the products similar to a single product in a query
    image.

    Generated from protobuf message <code>google.cloud.vision.v1.ProductSearchResults.GroupedResult</code>
  type: class
  langs:
  - php
  children:
  - \Google\Cloud\Vision\V1\ProductSearchResults\GroupedResult::__construct()
  - \Google\Cloud\Vision\V1\ProductSearchResults\GroupedResult::getBoundingPoly()
  - \Google\Cloud\Vision\V1\ProductSearchResults\GroupedResult::hasBoundingPoly()
  - \Google\Cloud\Vision\V1\ProductSearchResults\GroupedResult::clearBoundingPoly()
  - \Google\Cloud\Vision\V1\ProductSearchResults\GroupedResult::setBoundingPoly()
  - \Google\Cloud\Vision\V1\ProductSearchResults\GroupedResult::getResults()
  - \Google\Cloud\Vision\V1\ProductSearchResults\GroupedResult::setResults()
  - \Google\Cloud\Vision\V1\ProductSearchResults\GroupedResult::getObjectAnnotations()
  - \Google\Cloud\Vision\V1\ProductSearchResults\GroupedResult::setObjectAnnotations()
  properties:
  - name: bounding_poly
    description: |-
      The bounding polygon around the product detected in the query image.

      Generated from protobuf field <code>.google.cloud.vision.v1.BoundingPoly bounding_poly = 1;</code>
  - name: results
    description: |-
      List of results, one for each product match.

      Generated from protobuf field <code>repeated .google.cloud.vision.v1.ProductSearchResults.Result results = 2;</code>
  - name: object_annotations
    description: |-
      List of generic predictions for the object in the bounding box.

      Generated from protobuf field <code>repeated .google.cloud.vision.v1.ProductSearchResults.ObjectAnnotation object_annotations = 3;</code>
- uid: \Google\Cloud\Vision\V1\ProductSearchResults\GroupedResult::__construct()
  name: __construct
  id: __construct
  summary: Constructor.
  parent: \Google\Cloud\Vision\V1\ProductSearchResults\GroupedResult
  type: method
  langs:
  - php
  parameters:
  - type: array
    name: data
    description: '{     Optional. Data for populating the Message object.      @type
      \Google\Cloud\Vision\V1\BoundingPoly $bounding_poly           The bounding polygon
      around the product detected in the query image.     @type \Google\Cloud\Vision\V1\ProductSearchResults\Result[]|\Google\Protobuf\Internal\RepeatedField
      $results           List of results, one for each product match.     @type \Google\Cloud\Vision\V1\ProductSearchResults\ObjectAnnotation[]|\Google\Protobuf\Internal\RepeatedField
      $object_annotations           List of generic predictions for the object in
      the bounding box. }'
- uid: \Google\Cloud\Vision\V1\ProductSearchResults\GroupedResult::getBoundingPoly()
  name: getBoundingPoly
  id: getBoundingPoly
  summary: |-
    The bounding polygon around the product detected in the query image.

    Generated from protobuf field <code>.google.cloud.vision.v1.BoundingPoly bounding_poly = 1;</code>
  parent: \Google\Cloud\Vision\V1\ProductSearchResults\GroupedResult
  type: method
  langs:
  - php
- uid: \Google\Cloud\Vision\V1\ProductSearchResults\GroupedResult::hasBoundingPoly()
  name: hasBoundingPoly
  id: hasBoundingPoly
  parent: \Google\Cloud\Vision\V1\ProductSearchResults\GroupedResult
  type: method
  langs:
  - php
- uid: \Google\Cloud\Vision\V1\ProductSearchResults\GroupedResult::clearBoundingPoly()
  name: clearBoundingPoly
  id: clearBoundingPoly
  parent: \Google\Cloud\Vision\V1\ProductSearchResults\GroupedResult
  type: method
  langs:
  - php
- uid: \Google\Cloud\Vision\V1\ProductSearchResults\GroupedResult::setBoundingPoly()
  name: setBoundingPoly
  id: setBoundingPoly
  summary: |-
    The bounding polygon around the product detected in the query image.

    Generated from protobuf field <code>.google.cloud.vision.v1.BoundingPoly bounding_poly = 1;</code>
  parent: \Google\Cloud\Vision\V1\ProductSearchResults\GroupedResult
  type: method
  langs:
  - php
  parameters:
  - type: \Google\Cloud\Vision\V1\BoundingPoly
    name: var
- uid: \Google\Cloud\Vision\V1\ProductSearchResults\GroupedResult::getResults()
  name: getResults
  id: getResults
  summary: |-
    List of results, one for each product match.

    Generated from protobuf field <code>repeated .google.cloud.vision.v1.ProductSearchResults.Result results = 2;</code>
  parent: \Google\Cloud\Vision\V1\ProductSearchResults\GroupedResult
  type: method
  langs:
  - php
- uid: \Google\Cloud\Vision\V1\ProductSearchResults\GroupedResult::setResults()
  name: setResults
  id: setResults
  summary: |-
    List of results, one for each product match.

    Generated from protobuf field <code>repeated .google.cloud.vision.v1.ProductSearchResults.Result results = 2;</code>
  parent: \Google\Cloud\Vision\V1\ProductSearchResults\GroupedResult
  type: method
  langs:
  - php
  parameters:
  - type: \Google\Cloud\Vision\V1\ProductSearchResults\Result[]|\Google\Protobuf\Internal\RepeatedField
    name: var
- uid: \Google\Cloud\Vision\V1\ProductSearchResults\GroupedResult::getObjectAnnotations()
  name: getObjectAnnotations
  id: getObjectAnnotations
  summary: |-
    List of generic predictions for the object in the bounding box.

    Generated from protobuf field <code>repeated .google.cloud.vision.v1.ProductSearchResults.ObjectAnnotation object_annotations = 3;</code>
  parent: \Google\Cloud\Vision\V1\ProductSearchResults\GroupedResult
  type: method
  langs:
  - php
- uid: \Google\Cloud\Vision\V1\ProductSearchResults\GroupedResult::setObjectAnnotations()
  name: setObjectAnnotations
  id: setObjectAnnotations
  summary: |-
    List of generic predictions for the object in the bounding box.

    Generated from protobuf field <code>repeated .google.cloud.vision.v1.ProductSearchResults.ObjectAnnotation object_annotations = 3;</code>
  parent: \Google\Cloud\Vision\V1\ProductSearchResults\GroupedResult
  type: method
  langs:
  - php
  parameters:
  - type: \Google\Cloud\Vision\V1\ProductSearchResults\ObjectAnnotation[]|\Google\Protobuf\Internal\RepeatedField
    name: var
