### YamlMime:UniversalReference
items:
- uid: \Google\Cloud\Vision\V1\PurgeProductsRequest
  name: PurgeProductsRequest
  id: PurgeProductsRequest
  summary: |-
    Request message for the `PurgeProducts` method.

    Generated from protobuf message <code>google.cloud.vision.v1.PurgeProductsRequest</code>
  type: class
  langs:
  - php
  children:
  - \Google\Cloud\Vision\V1\PurgeProductsRequest::__construct()
  - \Google\Cloud\Vision\V1\PurgeProductsRequest::getProductSetPurgeConfig()
  - \Google\Cloud\Vision\V1\PurgeProductsRequest::hasProductSetPurgeConfig()
  - \Google\Cloud\Vision\V1\PurgeProductsRequest::setProductSetPurgeConfig()
  - \Google\Cloud\Vision\V1\PurgeProductsRequest::getDeleteOrphanProducts()
  - \Google\Cloud\Vision\V1\PurgeProductsRequest::hasDeleteOrphanProducts()
  - \Google\Cloud\Vision\V1\PurgeProductsRequest::setDeleteOrphanProducts()
  - \Google\Cloud\Vision\V1\PurgeProductsRequest::getParent()
  - \Google\Cloud\Vision\V1\PurgeProductsRequest::setParent()
  - \Google\Cloud\Vision\V1\PurgeProductsRequest::getForce()
  - \Google\Cloud\Vision\V1\PurgeProductsRequest::setForce()
  - \Google\Cloud\Vision\V1\PurgeProductsRequest::getTarget()
  properties:
  - name: parent
    description: |-
      Required. The project and location in which the Products should be deleted.

      Format is `projects/PROJECT_ID/locations/LOC_ID`.

      Generated from protobuf field <code>string parent = 1 [(.google.api.field_behavior) = REQUIRED, (.google.api.resource_reference) = {</code>
  - name: force
    description: |-
      The default value is false. Override this value to true to actually perform
      the purge.

      Generated from protobuf field <code>bool force = 4;</code>
  - name: target
- uid: \Google\Cloud\Vision\V1\PurgeProductsRequest::__construct()
  name: __construct
  id: __construct
  summary: Constructor.
  parent: \Google\Cloud\Vision\V1\PurgeProductsRequest
  type: method
  langs:
  - php
  parameters:
  - type: array
    name: data
    description: '{     Optional. Data for populating the Message object.      @type
      \Google\Cloud\Vision\V1\ProductSetPurgeConfig $product_set_purge_config           Specify
      which ProductSet contains the Products to be deleted.     @type bool $delete_orphan_products           If
      delete_orphan_products is true, all Products that are not in any           ProductSet
      will be deleted.     @type string $parent           Required. The project and
      location in which the Products should be deleted.           Format is `projects/PROJECT_ID/locations/LOC_ID`.     @type
      bool $force           The default value is false. Override this value to true
      to actually perform           the purge. }'
- uid: \Google\Cloud\Vision\V1\PurgeProductsRequest::getProductSetPurgeConfig()
  name: getProductSetPurgeConfig
  id: getProductSetPurgeConfig
  summary: |-
    Specify which ProductSet contains the Products to be deleted.

    Generated from protobuf field <code>.google.cloud.vision.v1.ProductSetPurgeConfig product_set_purge_config = 2;</code>
  parent: \Google\Cloud\Vision\V1\PurgeProductsRequest
  type: method
  langs:
  - php
- uid: \Google\Cloud\Vision\V1\PurgeProductsRequest::hasProductSetPurgeConfig()
  name: hasProductSetPurgeConfig
  id: hasProductSetPurgeConfig
  parent: \Google\Cloud\Vision\V1\PurgeProductsRequest
  type: method
  langs:
  - php
- uid: \Google\Cloud\Vision\V1\PurgeProductsRequest::setProductSetPurgeConfig()
  name: setProductSetPurgeConfig
  id: setProductSetPurgeConfig
  summary: |-
    Specify which ProductSet contains the Products to be deleted.

    Generated from protobuf field <code>.google.cloud.vision.v1.ProductSetPurgeConfig product_set_purge_config = 2;</code>
  parent: \Google\Cloud\Vision\V1\PurgeProductsRequest
  type: method
  langs:
  - php
  parameters:
  - type: \Google\Cloud\Vision\V1\ProductSetPurgeConfig
    name: var
- uid: \Google\Cloud\Vision\V1\PurgeProductsRequest::getDeleteOrphanProducts()
  name: getDeleteOrphanProducts
  id: getDeleteOrphanProducts
  summary: |-
    If delete_orphan_products is true, all Products that are not in any
    ProductSet will be deleted.

    Generated from protobuf field <code>bool delete_orphan_products = 3;</code>
  parent: \Google\Cloud\Vision\V1\PurgeProductsRequest
  type: method
  langs:
  - php
- uid: \Google\Cloud\Vision\V1\PurgeProductsRequest::hasDeleteOrphanProducts()
  name: hasDeleteOrphanProducts
  id: hasDeleteOrphanProducts
  parent: \Google\Cloud\Vision\V1\PurgeProductsRequest
  type: method
  langs:
  - php
- uid: \Google\Cloud\Vision\V1\PurgeProductsRequest::setDeleteOrphanProducts()
  name: setDeleteOrphanProducts
  id: setDeleteOrphanProducts
  summary: |-
    If delete_orphan_products is true, all Products that are not in any
    ProductSet will be deleted.

    Generated from protobuf field <code>bool delete_orphan_products = 3;</code>
  parent: \Google\Cloud\Vision\V1\PurgeProductsRequest
  type: method
  langs:
  - php
  parameters:
  - type: bool
    name: var
- uid: \Google\Cloud\Vision\V1\PurgeProductsRequest::getParent()
  name: getParent
  id: getParent
  summary: |-
    Required. The project and location in which the Products should be deleted.

    Format is `projects/PROJECT_ID/locations/LOC_ID`.

    Generated from protobuf field <code>string parent = 1 [(.google.api.field_behavior) = REQUIRED, (.google.api.resource_reference) = {</code>
  parent: \Google\Cloud\Vision\V1\PurgeProductsRequest
  type: method
  langs:
  - php
- uid: \Google\Cloud\Vision\V1\PurgeProductsRequest::setParent()
  name: setParent
  id: setParent
  summary: |-
    Required. The project and location in which the Products should be deleted.

    Format is `projects/PROJECT_ID/locations/LOC_ID`.

    Generated from protobuf field <code>string parent = 1 [(.google.api.field_behavior) = REQUIRED, (.google.api.resource_reference) = {</code>
  parent: \Google\Cloud\Vision\V1\PurgeProductsRequest
  type: method
  langs:
  - php
  parameters:
  - type: string
    name: var
- uid: \Google\Cloud\Vision\V1\PurgeProductsRequest::getForce()
  name: getForce
  id: getForce
  summary: |-
    The default value is false. Override this value to true to actually perform
    the purge.

    Generated from protobuf field <code>bool force = 4;</code>
  parent: \Google\Cloud\Vision\V1\PurgeProductsRequest
  type: method
  langs:
  - php
- uid: \Google\Cloud\Vision\V1\PurgeProductsRequest::setForce()
  name: setForce
  id: setForce
  summary: |-
    The default value is false. Override this value to true to actually perform
    the purge.

    Generated from protobuf field <code>bool force = 4;</code>
  parent: \Google\Cloud\Vision\V1\PurgeProductsRequest
  type: method
  langs:
  - php
  parameters:
  - type: bool
    name: var
- uid: \Google\Cloud\Vision\V1\PurgeProductsRequest::getTarget()
  name: getTarget
  id: getTarget
  parent: \Google\Cloud\Vision\V1\PurgeProductsRequest
  type: method
  langs:
  - php
