### YamlMime:UniversalReference
items:
- uid: \Google\Cloud\Vision\V1\ReferenceImage
  name: ReferenceImage
  id: ReferenceImage
  summary: |-
    A `ReferenceImage` represents a product image and its associated metadata,
    such as bounding boxes.

    Generated from protobuf message <code>google.cloud.vision.v1.ReferenceImage</code>
  type: class
  langs:
  - php
  children:
  - \Google\Cloud\Vision\V1\ReferenceImage::__construct()
  - \Google\Cloud\Vision\V1\ReferenceImage::getName()
  - \Google\Cloud\Vision\V1\ReferenceImage::setName()
  - \Google\Cloud\Vision\V1\ReferenceImage::getUri()
  - \Google\Cloud\Vision\V1\ReferenceImage::setUri()
  - \Google\Cloud\Vision\V1\ReferenceImage::getBoundingPolys()
  - \Google\Cloud\Vision\V1\ReferenceImage::setBoundingPolys()
  properties:
  - name: name
    description: |-
      The resource name of the reference image.

      Format is:
      `projects/PROJECT_ID/locations/LOC_ID/products/PRODUCT_ID/referenceImages/IMAGE_ID`.
      This field is ignored when creating a reference image.

      Generated from protobuf field <code>string name = 1;</code>
  - name: uri
    description: |-
      Required. The Google Cloud Storage URI of the reference image.

      The URI must start with `gs://`.

      Generated from protobuf field <code>string uri = 2 [(.google.api.field_behavior) = REQUIRED];</code>
  - name: bounding_polys
    description: |-
      Optional. Bounding polygons around the areas of interest in the reference image.

      If this field is empty, the system will try to detect regions of
      interest. At most 10 bounding polygons will be used.
      The provided shape is converted into a non-rotated rectangle. Once
      converted, the small edge of the rectangle must be greater than or equal
      to 300 pixels. The aspect ratio must be 1:4 or less (i.e. 1:3 is ok; 1:5
      is not).

      Generated from protobuf field <code>repeated .google.cloud.vision.v1.BoundingPoly bounding_polys = 3 [(.google.api.field_behavior) = OPTIONAL];</code>
- uid: \Google\Cloud\Vision\V1\ReferenceImage::__construct()
  name: __construct
  id: __construct
  summary: Constructor.
  parent: \Google\Cloud\Vision\V1\ReferenceImage
  type: method
  langs:
  - php
  parameters:
  - type: array
    name: data
    description: '{     Optional. Data for populating the Message object.      @type
      string $name           The resource name of the reference image.           Format
      is:           `projects/PROJECT_ID/locations/LOC_ID/products/PRODUCT_ID/referenceImages/IMAGE_ID`.           This
      field is ignored when creating a reference image.     @type string $uri           Required.
      The Google Cloud Storage URI of the reference image.           The URI must
      start with `gs://`.     @type \Google\Cloud\Vision\V1\BoundingPoly[]|\Google\Protobuf\Internal\RepeatedField
      $bounding_polys           Optional. Bounding polygons around the areas of interest
      in the reference image.           If this field is empty, the system will try
      to detect regions of           interest. At most 10 bounding polygons will be
      used.           The provided shape is converted into a non-rotated rectangle.
      Once           converted, the small edge of the rectangle must be greater than
      or equal           to 300 pixels. The aspect ratio must be 1:4 or less (i.e.
      1:3 is ok; 1:5           is not). }'
- uid: \Google\Cloud\Vision\V1\ReferenceImage::getName()
  name: getName
  id: getName
  summary: |-
    The resource name of the reference image.

    Format is:
    `projects/PROJECT_ID/locations/LOC_ID/products/PRODUCT_ID/referenceImages/IMAGE_ID`.
    This field is ignored when creating a reference image.

    Generated from protobuf field <code>string name = 1;</code>
  parent: \Google\Cloud\Vision\V1\ReferenceImage
  type: method
  langs:
  - php
- uid: \Google\Cloud\Vision\V1\ReferenceImage::setName()
  name: setName
  id: setName
  summary: |-
    The resource name of the reference image.

    Format is:
    `projects/PROJECT_ID/locations/LOC_ID/products/PRODUCT_ID/referenceImages/IMAGE_ID`.
    This field is ignored when creating a reference image.

    Generated from protobuf field <code>string name = 1;</code>
  parent: \Google\Cloud\Vision\V1\ReferenceImage
  type: method
  langs:
  - php
  parameters:
  - type: string
    name: var
- uid: \Google\Cloud\Vision\V1\ReferenceImage::getUri()
  name: getUri
  id: getUri
  summary: |-
    Required. The Google Cloud Storage URI of the reference image.

    The URI must start with `gs://`.

    Generated from protobuf field <code>string uri = 2 [(.google.api.field_behavior) = REQUIRED];</code>
  parent: \Google\Cloud\Vision\V1\ReferenceImage
  type: method
  langs:
  - php
- uid: \Google\Cloud\Vision\V1\ReferenceImage::setUri()
  name: setUri
  id: setUri
  summary: |-
    Required. The Google Cloud Storage URI of the reference image.

    The URI must start with `gs://`.

    Generated from protobuf field <code>string uri = 2 [(.google.api.field_behavior) = REQUIRED];</code>
  parent: \Google\Cloud\Vision\V1\ReferenceImage
  type: method
  langs:
  - php
  parameters:
  - type: string
    name: var
- uid: \Google\Cloud\Vision\V1\ReferenceImage::getBoundingPolys()
  name: getBoundingPolys
  id: getBoundingPolys
  summary: |-
    Optional. Bounding polygons around the areas of interest in the reference image.

    If this field is empty, the system will try to detect regions of
    interest. At most 10 bounding polygons will be used.
    The provided shape is converted into a non-rotated rectangle. Once
    converted, the small edge of the rectangle must be greater than or equal
    to 300 pixels. The aspect ratio must be 1:4 or less (i.e. 1:3 is ok; 1:5
    is not).

    Generated from protobuf field <code>repeated .google.cloud.vision.v1.BoundingPoly bounding_polys = 3 [(.google.api.field_behavior) = OPTIONAL];</code>
  parent: \Google\Cloud\Vision\V1\ReferenceImage
  type: method
  langs:
  - php
- uid: \Google\Cloud\Vision\V1\ReferenceImage::setBoundingPolys()
  name: setBoundingPolys
  id: setBoundingPolys
  summary: |-
    Optional. Bounding polygons around the areas of interest in the reference image.

    If this field is empty, the system will try to detect regions of
    interest. At most 10 bounding polygons will be used.
    The provided shape is converted into a non-rotated rectangle. Once
    converted, the small edge of the rectangle must be greater than or equal
    to 300 pixels. The aspect ratio must be 1:4 or less (i.e. 1:3 is ok; 1:5
    is not).

    Generated from protobuf field <code>repeated .google.cloud.vision.v1.BoundingPoly bounding_polys = 3 [(.google.api.field_behavior) = OPTIONAL];</code>
  parent: \Google\Cloud\Vision\V1\ReferenceImage
  type: method
  langs:
  - php
  parameters:
  - type: \Google\Cloud\Vision\V1\BoundingPoly[]|\Google\Protobuf\Internal\RepeatedField
    name: var
