### YamlMime:UniversalReference
items:
- uid: \Google\Cloud\Vision\V1\RemoveProductFromProductSetRequest
  name: RemoveProductFromProductSetRequest
  id: RemoveProductFromProductSetRequest
  summary: |-
    Request message for the `RemoveProductFromProductSet` method.

    Generated from protobuf message <code>google.cloud.vision.v1.RemoveProductFromProductSetRequest</code>
  type: class
  langs:
  - php
  children:
  - \Google\Cloud\Vision\V1\RemoveProductFromProductSetRequest::__construct()
  - \Google\Cloud\Vision\V1\RemoveProductFromProductSetRequest::getName()
  - \Google\Cloud\Vision\V1\RemoveProductFromProductSetRequest::setName()
  - \Google\Cloud\Vision\V1\RemoveProductFromProductSetRequest::getProduct()
  - \Google\Cloud\Vision\V1\RemoveProductFromProductSetRequest::setProduct()
  properties:
  - name: name
    description: |-
      Required. The resource name for the ProductSet to modify.

      Format is:
      `projects/PROJECT_ID/locations/LOC_ID/productSets/PRODUCT_SET_ID`

      Generated from protobuf field <code>string name = 1 [(.google.api.field_behavior) = REQUIRED, (.google.api.resource_reference) = {</code>
  - name: product
    description: |-
      Required. The resource name for the Product to be removed from this ProductSet.

      Format is:
      `projects/PROJECT_ID/locations/LOC_ID/products/PRODUCT_ID`

      Generated from protobuf field <code>string product = 2 [(.google.api.field_behavior) = REQUIRED, (.google.api.resource_reference) = {</code>
- uid: \Google\Cloud\Vision\V1\RemoveProductFromProductSetRequest::__construct()
  name: __construct
  id: __construct
  summary: Constructor.
  parent: \Google\Cloud\Vision\V1\RemoveProductFromProductSetRequest
  type: method
  langs:
  - php
  parameters:
  - type: array
    name: data
    description: '{     Optional. Data for populating the Message object.      @type
      string $name           Required. The resource name for the ProductSet to modify.           Format
      is:           `projects/PROJECT_ID/locations/LOC_ID/productSets/PRODUCT_SET_ID`     @type
      string $product           Required. The resource name for the Product to be
      removed from this ProductSet.           Format is:           `projects/PROJECT_ID/locations/LOC_ID/products/PRODUCT_ID`
      }'
- uid: \Google\Cloud\Vision\V1\RemoveProductFromProductSetRequest::getName()
  name: getName
  id: getName
  summary: |-
    Required. The resource name for the ProductSet to modify.

    Format is:
    `projects/PROJECT_ID/locations/LOC_ID/productSets/PRODUCT_SET_ID`

    Generated from protobuf field <code>string name = 1 [(.google.api.field_behavior) = REQUIRED, (.google.api.resource_reference) = {</code>
  parent: \Google\Cloud\Vision\V1\RemoveProductFromProductSetRequest
  type: method
  langs:
  - php
- uid: \Google\Cloud\Vision\V1\RemoveProductFromProductSetRequest::setName()
  name: setName
  id: setName
  summary: |-
    Required. The resource name for the ProductSet to modify.

    Format is:
    `projects/PROJECT_ID/locations/LOC_ID/productSets/PRODUCT_SET_ID`

    Generated from protobuf field <code>string name = 1 [(.google.api.field_behavior) = REQUIRED, (.google.api.resource_reference) = {</code>
  parent: \Google\Cloud\Vision\V1\RemoveProductFromProductSetRequest
  type: method
  langs:
  - php
  parameters:
  - type: string
    name: var
- uid: \Google\Cloud\Vision\V1\RemoveProductFromProductSetRequest::getProduct()
  name: getProduct
  id: getProduct
  summary: |-
    Required. The resource name for the Product to be removed from this ProductSet.

    Format is:
    `projects/PROJECT_ID/locations/LOC_ID/products/PRODUCT_ID`

    Generated from protobuf field <code>string product = 2 [(.google.api.field_behavior) = REQUIRED, (.google.api.resource_reference) = {</code>
  parent: \Google\Cloud\Vision\V1\RemoveProductFromProductSetRequest
  type: method
  langs:
  - php
- uid: \Google\Cloud\Vision\V1\RemoveProductFromProductSetRequest::setProduct()
  name: setProduct
  id: setProduct
  summary: |-
    Required. The resource name for the Product to be removed from this ProductSet.

    Format is:
    `projects/PROJECT_ID/locations/LOC_ID/products/PRODUCT_ID`

    Generated from protobuf field <code>string product = 2 [(.google.api.field_behavior) = REQUIRED, (.google.api.resource_reference) = {</code>
  parent: \Google\Cloud\Vision\V1\RemoveProductFromProductSetRequest
  type: method
  langs:
  - php
  parameters:
  - type: string
    name: var
