### YamlMime:UniversalReference
items:
- uid: \Google\Cloud\Vision\V1\TextAnnotation
  name: TextAnnotation
  id: TextAnnotation
  summary: |-
    TextAnnotation contains a structured representation of OCR extracted text.

    The hierarchy of an OCR extracted text structure is like this:
        TextAnnotation -> Page -> Block -> Paragraph -> Word -> Symbol
    Each structural component, starting from Page, may further have their own
    properties. Properties describe detected languages, breaks etc.. Please refer
    to the [TextAnnotation.TextProperty][google.cloud.vision.v1.TextAnnotation.TextProperty] message definition below for more
    detail.

    Generated from protobuf message <code>google.cloud.vision.v1.TextAnnotation</code>
  type: class
  langs:
  - php
  children:
  - \Google\Cloud\Vision\V1\TextAnnotation::__construct()
  - \Google\Cloud\Vision\V1\TextAnnotation::getPages()
  - \Google\Cloud\Vision\V1\TextAnnotation::setPages()
  - \Google\Cloud\Vision\V1\TextAnnotation::getText()
  - \Google\Cloud\Vision\V1\TextAnnotation::setText()
  properties:
  - name: pages
    description: |-
      List of pages detected by OCR.

      Generated from protobuf field <code>repeated .google.cloud.vision.v1.Page pages = 1;</code>
  - name: text
    description: |-
      UTF-8 text detected on the pages.

      Generated from protobuf field <code>string text = 2;</code>
- uid: \Google\Cloud\Vision\V1\TextAnnotation::__construct()
  name: __construct
  id: __construct
  summary: Constructor.
  parent: \Google\Cloud\Vision\V1\TextAnnotation
  type: method
  langs:
  - php
  parameters:
  - type: array
    name: data
    description: '{     Optional. Data for populating the Message object.      @type
      \Google\Cloud\Vision\V1\Page[]|\Google\Protobuf\Internal\RepeatedField $pages           List
      of pages detected by OCR.     @type string $text           UTF-8 text detected
      on the pages. }'
- uid: \Google\Cloud\Vision\V1\TextAnnotation::getPages()
  name: getPages
  id: getPages
  summary: |-
    List of pages detected by OCR.

    Generated from protobuf field <code>repeated .google.cloud.vision.v1.Page pages = 1;</code>
  parent: \Google\Cloud\Vision\V1\TextAnnotation
  type: method
  langs:
  - php
- uid: \Google\Cloud\Vision\V1\TextAnnotation::setPages()
  name: setPages
  id: setPages
  summary: |-
    List of pages detected by OCR.

    Generated from protobuf field <code>repeated .google.cloud.vision.v1.Page pages = 1;</code>
  parent: \Google\Cloud\Vision\V1\TextAnnotation
  type: method
  langs:
  - php
  parameters:
  - type: \Google\Cloud\Vision\V1\Page[]|\Google\Protobuf\Internal\RepeatedField
    name: var
- uid: \Google\Cloud\Vision\V1\TextAnnotation::getText()
  name: getText
  id: getText
  summary: |-
    UTF-8 text detected on the pages.

    Generated from protobuf field <code>string text = 2;</code>
  parent: \Google\Cloud\Vision\V1\TextAnnotation
  type: method
  langs:
  - php
- uid: \Google\Cloud\Vision\V1\TextAnnotation::setText()
  name: setText
  id: setText
  summary: |-
    UTF-8 text detected on the pages.

    Generated from protobuf field <code>string text = 2;</code>
  parent: \Google\Cloud\Vision\V1\TextAnnotation
  type: method
  langs:
  - php
  parameters:
  - type: string
    name: var
